[    0.000000] Linux version 4.15.0-212-generic (buildd@lcy02-amd64-083) (gcc version 7.5.0 (Ubuntu 7.5.0-3ubuntu1~18.04)) #223-Ubuntu SMP Tue May 23 13:09:22 UTC 2023 (Ubuntu 4.15.0-212.223-generic 4.15.18)
[    0.000000] Command line: BOOT_IMAGE=/boot/vmlinuz-4.15.0-212-generic root=LABEL=cloudimg-rootfs ro console=tty1 console=ttyS0
[    0.000000] KERNEL supported cpus:
[    0.000000]   Intel GenuineIntel
[    0.000000]   AMD AuthenticAMD
[    0.000000]   Centaur CentaurHauls
[    0.000000] x86/fpu: Supporting XSAVE feature 0x001: 'x87 floating point registers'
[    0.000000] x86/fpu: Supporting XSAVE feature 0x002: 'SSE registers'
[    0.000000] x86/fpu: Supporting XSAVE feature 0x004: 'AVX registers'
[    0.000000] x86/fpu: xstate_offset[2]:  576, xstate_sizes[2]:  256
[    0.000000] x86/fpu: Enabled xstate features 0x7, context size is 832 bytes, using 'standard' format.
[    0.000000] e820: BIOS-provided physical RAM map:
[    0.000000] BIOS-e820: [mem 0x0000000000000000-0x000000000009fbff] usable
[    0.000000] BIOS-e820: [mem 0x000000000009fc00-0x000000000009ffff] reserved
[    0.000000] BIOS-e820: [mem 0x00000000000f0000-0x00000000000fffff] reserved
[    0.000000] BIOS-e820: [mem 0x0000000000100000-0x000000003ffeffff] usable
[    0.000000] BIOS-e820: [mem 0x000000003fff0000-0x000000003fffffff] ACPI data
[    0.000000] BIOS-e820: [mem 0x00000000fec00000-0x00000000fec00fff] reserved
[    0.000000] BIOS-e820: [mem 0x00000000fee00000-0x00000000fee00fff] reserved
[    0.000000] BIOS-e820: [mem 0x00000000fffc0000-0x00000000ffffffff] reserved
[    0.000000] NX (Execute Disable) protection: active
[    0.000000] SMBIOS 2.5 present.
[    0.000000] DMI: innotek GmbH VirtualBox/VirtualBox, BIOS VirtualBox 12/01/2006
[    0.000000] Hypervisor detected: KVM
[    0.000000] e820: last_pfn = 0x3fff0 max_arch_pfn = 0x400000000
[    0.000000] MTRR: Disabled
[    0.000000] x86/PAT: MTRRs disabled, skipping PAT initialization too.
[    0.000000] CPU MTRRs all blank - virtualized system.
[    0.000000] x86/PAT: Configuration [0-7]: WB  WT  UC- UC  WB  WT  UC- UC  
[    0.000000] found SMP MP-table at [mem 0x0009fff0-0x0009ffff]
[    0.000000] Scanning 1 areas for low memory corruption
[    0.000000] RAMDISK: [mem 0x359cb000-0x36cdcfff]
[    0.000000] ACPI: Early table checksum verification disabled
[    0.000000] ACPI: RSDP 0x00000000000E0000 000024 (v02 VBOX  )
[    0.000000] ACPI: XSDT 0x000000003FFF0030 00003C (v01 VBOX   VBOXXSDT 00000001 ASL  00000061)
[    0.000000] ACPI: FACP 0x000000003FFF00F0 0000F4 (v04 VBOX   VBOXFACP 00000001 ASL  00000061)
[    0.000000] ACPI: DSDT 0x000000003FFF0610 002353 (v02 VBOX   VBOXBIOS 00000002 INTL 20100528)
[    0.000000] ACPI: FACS 0x000000003FFF0200 000040
[    0.000000] ACPI: FACS 0x000000003FFF0200 000040
[    0.000000] ACPI: APIC 0x000000003FFF0240 00005C (v02 VBOX   VBOXAPIC 00000001 ASL  00000061)
[    0.000000] ACPI: SSDT 0x000000003FFF02A0 00036C (v01 VBOX   VBOXCPUT 00000002 INTL 20100528)
[    0.000000] ACPI: Reserving FACP table memory at [mem 0x3fff00f0-0x3fff01e3]
[    0.000000] ACPI: Reserving DSDT table memory at [mem 0x3fff0610-0x3fff2962]
[    0.000000] ACPI: Reserving FACS table memory at [mem 0x3fff0200-0x3fff023f]
[    0.000000] ACPI: Reserving FACS table memory at [mem 0x3fff0200-0x3fff023f]
[    0.000000] ACPI: Reserving APIC table memory at [mem 0x3fff0240-0x3fff029b]
[    0.000000] ACPI: Reserving SSDT table memory at [mem 0x3fff02a0-0x3fff060b]
[    0.000000] No NUMA configuration found
[    0.000000] Faking a node at [mem 0x0000000000000000-0x000000003ffeffff]
[    0.000000] NODE_DATA(0) allocated [mem 0x3ffc5000-0x3ffeffff]
[    0.000000] kvm-clock: cpu 0, msr 0:3ff44001, primary cpu clock
[    0.000000] kvm-clock: Using msrs 4b564d01 and 4b564d00
[    0.000000] kvm-clock: using sched offset of 3465374895 cycles
[    0.000000] clocksource: kvm-clock: mask: 0xffffffffffffffff max_cycles: 0x1cd42e4dffb, max_idle_ns: 881590591483 ns
[    0.000000] Zone ranges:
[    0.000000]   DMA      [mem 0x0000000000001000-0x0000000000ffffff]
[    0.000000]   DMA32    [mem 0x0000000001000000-0x000000003ffeffff]
[    0.000000]   Normal   empty
[    0.000000]   Device   empty
[    0.000000] Movable zone start for each node
[    0.000000] Early memory node ranges
[    0.000000]   node   0: [mem 0x0000000000001000-0x000000000009efff]
[    0.000000]   node   0: [mem 0x0000000000100000-0x000000003ffeffff]
[    0.000000] Reserved but unavailable: 104 pages
[    0.000000] Initmem setup node 0 [mem 0x0000000000001000-0x000000003ffeffff]
[    0.000000] ACPI: PM-Timer IO Port: 0x4008
[    0.000000] IOAPIC[0]: apic_id 2, version 32, address 0xfec00000, GSI 0-23
[    0.000000] ACPI: INT_SRC_OVR (bus 0 bus_irq 0 global_irq 2 dfl dfl)
[    0.000000] ACPI: INT_SRC_OVR (bus 0 bus_irq 9 global_irq 9 low level)
[    0.000000] Using ACPI (MADT) for SMP configuration information
[    0.000000] smpboot: Allowing 2 CPUs, 0 hotplug CPUs
[    0.000000] PM: Registered nosave memory: [mem 0x00000000-0x00000fff]
[    0.000000] PM: Registered nosave memory: [mem 0x0009f000-0x0009ffff]
[    0.000000] PM: Registered nosave memory: [mem 0x000a0000-0x000effff]
[    0.000000] PM: Registered nosave memory: [mem 0x000f0000-0x000fffff]
[    0.000000] e820: [mem 0x40000000-0xfebfffff] available for PCI devices
[    0.000000] Booting paravirtualized kernel on KVM
[    0.000000] clocksource: refined-jiffies: mask: 0xffffffff max_cycles: 0xffffffff, max_idle_ns: 7645519600211568 ns
[    0.000000] setup_percpu: NR_CPUS:8192 nr_cpumask_bits:2 nr_cpu_ids:2 nr_node_ids:1
[    0.000000] percpu: Embedded 50 pages/cpu s167936 r8192 d28672 u1048576
[    0.000000] PV qspinlock hash table entries: 256 (order: 0, 4096 bytes)
[    0.000000] Built 1 zonelists, mobility grouping on.  Total pages: 257913
[    0.000000] Policy zone: DMA32
[    0.000000] Kernel command line: BOOT_IMAGE=/boot/vmlinuz-4.15.0-212-generic root=LABEL=cloudimg-rootfs ro console=tty1 console=ttyS0
[    0.000000] Memory: 982644K/1048120K available (12300K kernel code, 2477K rwdata, 4324K rodata, 2480K init, 2720K bss, 65476K reserved, 0K cma-reserved)
[    0.000000] SLUB: HWalign=64, Order=0-3, MinObjects=0, CPUs=2, Nodes=1
[    0.000000] ftrace: allocating 39508 entries in 155 pages
[    0.004000] Hierarchical RCU implementation.
[    0.004000] 	RCU restricting CPUs from NR_CPUS=8192 to nr_cpu_ids=2.
[    0.004000] 	Tasks RCU enabled.
[    0.004000] RCU: Adjusting geometry for rcu_fanout_leaf=16, nr_cpu_ids=2
[    0.004000] NR_IRQS: 524544, nr_irqs: 440, preallocated irqs: 16
[    0.004000] random: crng init done
[    0.004000] Console: colour VGA+ 80x25
[    0.004000] console [tty1] enabled
[    0.004000] console [ttyS0] enabled
[    0.004000] ACPI: Core revision 20170831
[    0.004000] ACPI: 2 ACPI AML tables successfully acquired and loaded
[    0.004000] APIC: Switch to symmetric I/O mode setup
[    0.004000] x2apic enabled
[    0.004000] Switched APIC routing to physical x2apic.
[    0.004000] ..TIMER: vector=0x30 apic1=0 pin1=2 apic2=-1 pin2=-1
[    0.004000] tsc: Detected 1190.382 MHz processor
[    0.004006] Calibrating delay loop (skipped) preset value.. 2380.76 BogoMIPS (lpj=4761528)
[    0.005063] pid_max: default: 32768 minimum: 301
[    0.005659] Security Framework initialized
[    0.006165] Yama: becoming mindful.
[    0.006615] AppArmor: AppArmor initialized
[    0.007297] Dentry cache hash table entries: 131072 (order: 8, 1048576 bytes)
[    0.008060] Inode-cache hash table entries: 65536 (order: 7, 524288 bytes)
[    0.008891] Mount-cache hash table entries: 2048 (order: 2, 16384 bytes)
[    0.009716] Mountpoint-cache hash table entries: 2048 (order: 2, 16384 bytes)
[    0.011030] Last level iTLB entries: 4KB 0, 2MB 0, 4MB 0
[    0.012001] Last level dTLB entries: 4KB 0, 2MB 0, 4MB 0, 1GB 0
[    0.012733] Spectre V1 : Mitigation: usercopy/swapgs barriers and __user pointer sanitization
[    0.013779] Spectre V2 : Mitigation: Retpolines
[    0.014448] Spectre V2 : Spectre v2 / SpectreRSB mitigation: Filling RSB on context switch
[    0.015611] Spectre V2 : Spectre v2 / SpectreRSB : Filling RSB on VMEXIT
[    0.016001] RETBleed: WARNING: Spectre v2 mitigation leaves CPU vulnerable to RETBleed attacks, data leaks possible!
[    0.017241] RETBleed: Vulnerable
[    0.017675] Speculative Store Bypass: Vulnerable
[    0.018260] MMIO Stale Data: Vulnerable: Clear CPU buffers attempted, no microcode
[    0.019185] SRBDS: Unknown: Dependent on hypervisor status
[    0.020141] Freeing SMP alternatives memory: 36K
[    0.132049] smpboot: CPU0: Intel(R) Core(TM) i5-1035G1 CPU @ 1.00GHz (family: 0x6, model: 0x7e, stepping: 0x5)
[    0.133762] Performance Events: unsupported p6 CPU model 126 no PMU driver, software events only.
[    0.135455] Hierarchical SRCU implementation.
[    0.136544] NMI watchdog: Perf event create on CPU 0 failed with -2
[    0.137468] NMI watchdog: Perf NMI watchdog permanently disabled
[    0.138276] smp: Bringing up secondary CPUs ...
[    0.139169] x86: Booting SMP configuration:
[    0.139895] .... node  #0, CPUs:      #1
[    0.004000] kvm-clock: cpu 1, msr 0:3ff44041, secondary cpu clock
[    0.143453] smp: Brought up 1 node, 2 CPUs
[    0.144003] smpboot: Max logical packages: 1
[    0.144659] smpboot: Total of 2 processors activated (4761.52 BogoMIPS)
[    0.145662] devtmpfs: initialized
[    0.145662] x86/mm: Memory block size: 128MB
[    0.145662] evm: security.selinux
[    0.148002] evm: security.SMACK64
[    0.148491] evm: security.SMACK64EXEC
[    0.149053] evm: security.SMACK64TRANSMUTE
[    0.149611] evm: security.SMACK64MMAP
[    0.150167] evm: security.apparmor
[    0.150648] evm: security.ima
[    0.151152] evm: security.capability
[    0.152055] clocksource: jiffies: mask: 0xffffffff max_cycles: 0xffffffff, max_idle_ns: 7645041785100000 ns
[    0.153328] futex hash table entries: 512 (order: 3, 32768 bytes)
[    0.154266] pinctrl core: initialized pinctrl subsystem
[    0.155229] RTC time:  1:32:43, date: 04/07/24
[    0.156178] NET: Registered protocol family 16
[    0.156934] audit: initializing netlink subsys (disabled)
[    0.157793] audit: type=2000 audit(1712453568.330:1): state=initialized audit_enabled=0 res=1
[    0.157793] cpuidle: using governor ladder
[    0.160006] cpuidle: using governor menu
[    0.160606] ACPI: bus type PCI registered
[    0.161153] acpiphp: ACPI Hot Plug PCI Controller Driver version: 0.5
[    0.162105] PCI: Using configuration type 1 for base access
[    0.164031] HugeTLB registered 2.00 MiB page size, pre-allocated 0 pages
[    0.165078] ACPI: Added _OSI(Module Device)
[    0.165078] ACPI: Added _OSI(Processor Device)
[    0.165432] ACPI: Added _OSI(3.0 _SCP Extensions)
[    0.168002] ACPI: Added _OSI(Processor Aggregator Device)
[    0.168810] ACPI: Added _OSI(Linux-Dell-Video)
[    0.169464] ACPI: Added _OSI(Linux-Lenovo-NV-HDMI-Audio)
[    0.170279] ACPI: Added _OSI(Linux-HPI-Hybrid-Graphics)
[    0.171281] ACPI: Executed 1 blocks of module-level executable AML code
[    0.175019] ACPI: Interpreter enabled
[    0.175758] ACPI: (supports S0 S5)
[    0.176013] ACPI: Using IOAPIC for interrupt routing
[    0.177231] PCI: Using host bridge windows from ACPI; if necessary, use "pci=nocrs" and report a bug
[    0.178773] ACPI: Enabled 2 GPEs in block 00 to 07
[    0.185425] ACPI: PCI Root Bridge [PCI0] (domain 0000 [bus 00-ff])
[    0.186356] acpi PNP0A03:00: _OSC: OS supports [ASPM ClockPM Segments MSI]
[    0.187824] acpi PNP0A03:00: _OSC: not requesting OS control; OS requires [ExtendedConfig ASPM ClockPM MSI]
[    0.188009] acpi PNP0A03:00: fail to add MMCONFIG information, can't access extended PCI configuration space under this bridge.
[    0.189866] PCI host bridge to bus 0000:00
[    0.190528] pci_bus 0000:00: root bus resource [io  0x0000-0x0cf7 window]
[    0.192003] pci_bus 0000:00: root bus resource [io  0x0d00-0xffff window]
[    0.192944] pci_bus 0000:00: root bus resource [mem 0x000a0000-0x000bffff window]
[    0.193998] pci_bus 0000:00: root bus resource [mem 0x40000000-0xfdffffff window]
[    0.196002] pci_bus 0000:00: root bus resource [bus 00-ff]
[    0.198487] pci 0000:00:01.1: legacy IDE quirk: reg 0x10: [io  0x01f0-0x01f7]
[    0.199490] pci 0000:00:01.1: legacy IDE quirk: reg 0x14: [io  0x03f6]
[    0.200002] pci 0000:00:01.1: legacy IDE quirk: reg 0x18: [io  0x0170-0x0177]
[    0.201020] pci 0000:00:01.1: legacy IDE quirk: reg 0x1c: [io  0x0376]
[    0.213531] pci 0000:00:07.0: quirk: [io  0x4000-0x403f] claimed by PIIX4 ACPI
[    0.214572] pci 0000:00:07.0: quirk: [io  0x4100-0x410f] claimed by PIIX4 SMB
[    0.220283] ACPI: PCI Interrupt Link [LNKA] (IRQs 5 9 10 *11)
[    0.221465] ACPI: PCI Interrupt Link [LNKB] (IRQs 5 9 *10 11)
[    0.222311] ACPI: PCI Interrupt Link [LNKC] (IRQs 5 *9 10 11)
[    0.223203] ACPI: PCI Interrupt Link [LNKD] (IRQs 5 9 10 *11)
[    0.224256] SCSI subsystem initialized
[    0.224856] pci 0000:00:02.0: vgaarb: setting as boot VGA device
[    0.224861] pci 0000:00:02.0: vgaarb: VGA device added: decodes=io+mem,owns=io+mem,locks=none
[    0.226027] pci 0000:00:02.0: vgaarb: bridge control possible
[    0.226938] vgaarb: loaded
[    0.228017] ACPI: bus type USB registered
[    0.228577] usbcore: registered new interface driver usbfs
[    0.229345] usbcore: registered new interface driver hub
[    0.230200] usbcore: registered new device driver usb
[    0.230979] EDAC MC: Ver: 3.0.0
[    0.232194] PCI: Using ACPI for IRQ routing
[    0.232869] NetLabel: Initializing
[    0.233383] NetLabel:  domain hash size = 128
[    0.234040] NetLabel:  protocols = UNLABELED CIPSOv4 CALIPSO
[    0.234871] NetLabel:  unlabeled traffic allowed by default
[    0.236120] clocksource: Switched to clocksource kvm-clock
[    0.245669] VFS: Disk quotas dquot_6.6.0
[    0.246333] VFS: Dquot-cache hash table entries: 512 (order 0, 4096 bytes)
[    0.247365] AppArmor: AppArmor Filesystem Enabled
[    0.248100] pnp: PnP ACPI init
[    0.249477] pnp: PnP ACPI: found 3 devices
[    0.257930] clocksource: acpi_pm: mask: 0xffffff max_cycles: 0xffffff, max_idle_ns: 2085701024 ns
[    0.259366] NET: Registered protocol family 2
[    0.259999] IP idents hash table entries: 16384 (order: 5, 131072 bytes)
[    0.261074] TCP established hash table entries: 8192 (order: 4, 65536 bytes)
[    0.262046] TCP bind hash table entries: 8192 (order: 5, 131072 bytes)
[    0.262988] TCP: Hash tables configured (established 8192 bind 8192)
[    0.263948] UDP hash table entries: 512 (order: 2, 16384 bytes)
[    0.264807] UDP-Lite hash table entries: 512 (order: 2, 16384 bytes)
[    0.265700] NET: Registered protocol family 1
[    0.266415] pci 0000:00:00.0: Limiting direct PCI/PCI transfers
[    0.267278] pci 0000:00:01.0: Activating ISA DMA hang workarounds
[    0.268160] pci 0000:00:02.0: Video device with shadowed ROM at [mem 0x000c0000-0x000dffff]
[    0.269378] Unpacking initramfs...
[    0.526477] Freeing initrd memory: 19528K
[    0.527390] clocksource: tsc: mask: 0xffffffffffffffff max_cycles: 0x11289de796f, max_idle_ns: 440795231885 ns
[    0.529205] platform rtc_cmos: registered platform RTC device (no PNP device found)
[    0.530352] Scanning for low memory corruption every 60 seconds
[    0.532352] Initialise system trusted keyrings
[    0.533139] Key type blacklist registered
[    0.533827] workingset: timestamp_bits=36 max_order=18 bucket_order=0
[    0.535648] zbud: loaded
[    0.536844] squashfs: version 4.0 (2009/01/31) Phillip Lougher
[    0.537999] fuse init (API version 7.26)
[    0.540454] Key type asymmetric registered
[    0.541098] Asymmetric key parser 'x509' registered
[    0.541806] Block layer SCSI generic (bsg) driver version 0.4 loaded (major 246)
[    0.543030] io scheduler noop registered
[    0.543681] io scheduler deadline registered
[    0.544776] io scheduler cfq registered (default)
[    0.545738] ACPI: AC Adapter [AC] (on-line)
[    0.546471] input: Power Button as /devices/LNXSYSTM:00/LNXPWRBN:00/input/input0
[    0.547724] ACPI: Power Button [PWRF]
[    0.548469] input: Sleep Button as /devices/LNXSYSTM:00/LNXSLPBN:00/input/input1
[    0.549530] ACPI: Sleep Button [SLPF]
[    0.551123] ACPI: Battery Slot [BAT0] (battery present)
[    0.552165] Serial: 8250/16550 driver, 32 ports, IRQ sharing enabled
[    0.573781] 00:02: ttyS0 at I/O 0x3f8 (irq = 4, base_baud = 115200) is a 16550A
[    0.578407] Linux agpgart interface v0.103
[    0.580391] loop: module loaded
[    0.581348] scsi host0: ata_piix
[    0.581986] scsi host1: ata_piix
[    0.582522] ata1: PATA max UDMA/33 cmd 0x1f0 ctl 0x3f6 bmdma 0xd000 irq 14
[    0.583468] ata2: PATA max UDMA/33 cmd 0x170 ctl 0x376 bmdma 0xd008 irq 15
[    0.584505] tun: Universal TUN/TAP device driver, 1.6
[    0.585355] PPP generic driver version 2.4.2
[    0.586112] ehci_hcd: USB 2.0 'Enhanced' Host Controller (EHCI) Driver
[    0.587044] ehci-pci: EHCI PCI platform driver
[    0.587676] ehci-platform: EHCI generic platform driver
[    0.588512] ohci_hcd: USB 1.1 'Open' Host Controller (OHCI) Driver
[    0.589390] ohci-pci: OHCI PCI platform driver
[    0.590031] ohci-platform: OHCI generic platform driver
[    0.590707] uhci_hcd: USB Universal Host Controller Interface driver
[    0.591634] i8042: PNP: PS/2 Controller [PNP0303:PS2K,PNP0f03:PS2M] at 0x60,0x64 irq 1,12
[    0.593284] serio: i8042 KBD port at 0x60,0x64 irq 1
[    0.594074] serio: i8042 AUX port at 0x60,0x64 irq 12
[    0.595195] mousedev: PS/2 mouse device common for all mice
[    0.596685] rtc_cmos rtc_cmos: rtc core: registered rtc_cmos as rtc0
[    0.597726] input: AT Translated Set 2 keyboard as /devices/platform/i8042/serio0/input/input2
[    0.598963] rtc_cmos rtc_cmos: alarms up to one day, 114 bytes nvram
[    0.600099] i2c /dev entries driver
[    0.600786] device-mapper: uevent: version 1.0.3
[    0.601624] device-mapper: ioctl: 4.37.0-ioctl (2017-09-20) initialised: dm-devel@redhat.com
[    0.602947] ledtrig-cpu: registered to indicate activity on CPUs
[    0.604303] NET: Registered protocol family 10
[    0.608192] Segment Routing with IPv6
[    0.608833] NET: Registered protocol family 17
[    0.609658] Key type dns_resolver registered
[    0.610559] mce: Using 0 MCE banks
[    0.611094] RAS: Correctable Errors collector initialized.
[    0.611916] sched_clock: Marking stable (610539192, 0)->(721776223, -111237031)
[    0.613499] registered taskstats version 1
[    0.614120] Loading compiled-in X.509 certificates
[    0.616721] Loaded X.509 cert 'Build time autogenerated kernel key: b5b26778eaa3ab3a4a6cee031137706e947d12ad'
[    0.618726] Loaded X.509 cert 'Canonical Ltd. Live Patch Signing: 14df34d1a87cf37625abec039ef2bf521249b969'
[    0.620717] Loaded X.509 cert 'Canonical Ltd. Kernel Module Signing: 88f752e560a1e0737e31163a466ad7b70a850c19'
[    0.622206] blacklist: Loading compiled-in revocation X.509 certificates
[    0.623164] Loaded X.509 cert 'Canonical Ltd. Secure Boot Signing: 61482aa2830d0ab2ad5af10b7250da9033ddcef0'
[    0.624625] Loaded X.509 cert 'Canonical Ltd. Secure Boot Signing (2017): 242ade75ac4a15e50d50c84b0d45ff3eae707a03'
[    0.626126] Loaded X.509 cert 'Canonical Ltd. Secure Boot Signing (ESM 2018): 365188c1d374d6b07c3c8f240f8ef722433d6a8b'
[    0.627588] Loaded X.509 cert 'Canonical Ltd. Secure Boot Signing (2019): c0746fd6c5da3ae827864651ad66ae47fe24b3e8'
[    0.629186] Loaded X.509 cert 'Canonical Ltd. Secure Boot Signing (2021 v1): a8d54bbb3825cfb94fa13c9f8a594a195c107b8d'
[    0.630646] Loaded X.509 cert 'Canonical Ltd. Secure Boot Signing (2021 v2): 4cf046892d6fd3c9a5b03f98d845f90851dc6a8c'
[    0.632196] Loaded X.509 cert 'Canonical Ltd. Secure Boot Signing (2021 v3): 100437bb6de6e469b581e61cd66bce3ef4ed53af'
[    0.633724] Loaded X.509 cert 'Canonical Ltd. Secure Boot Signing (Ubuntu Core 2019): c1d57b8f6b743f23ee41f4f7ee292f06eecadfb9'
[    0.635291] zswap: loaded using pool lzo/zbud
[    0.638779] Key type big_key registered
[    0.639427] Key type trusted registered
[    0.641284] Key type encrypted registered
[    0.642012] AppArmor: AppArmor sha1 policy hashing enabled
[    0.642756] ima: No TPM chip found, activating TPM-bypass! (rc=-19)
[    0.643608] ima: Allocated hash algorithm: sha1
[    0.644287] evm: HMAC attrs: 0x1
[    0.645268]   Magic number: 4:94:508
[    0.645835] pci 0000:00:01.0: hash matches
[    0.646583] rtc_cmos rtc_cmos: setting system clock to 2024-04-07 01:32:44 UTC (1712453564)
[    0.647944] BIOS EDD facility v0.16 2004-Jun-25, 0 devices found
[    0.649410] EDD information not available.
[    0.770743] Freeing unused kernel image memory: 2480K
[    1.124434] Write protecting the kernel read-only data: 20480k
[    1.126440] Freeing unused kernel image memory: 2008K
[    1.127565] Freeing unused kernel image memory: 1820K
[    1.132730] x86/mm: Checked W+X mappings: passed, no W+X pages found.
Loading, please wait...
starting version 237
[    1.180736] e1000: Intel(R) PRO/1000 Network Driver - version 7.3.21-k8-NAPI
[    1.182091] e1000: Copyright (c) 1999-2006 Intel Corporation.
[    1.188937] Fusion MPT base driver 3.04.20
[    1.189848] Copyright (c) 1999-2008 LSI Corporation
[    1.196425] Fusion MPT SPI Host driver 3.04.20
[    1.207827] AVX2 version of gcm_enc/dec engaged.
[    1.208822] AES CTR mode by8 optimization enabled
[    1.402398] input: ImExPS/2 Generic Explorer Mouse as /devices/platform/i8042/serio1/input/input4
[    1.559965] e1000 0000:00:03.0 eth0: (PCI:33MHz:32-bit) 02:3b:7b:b7:3b:2d
[    1.561545] e1000 0000:00:03.0 eth0: Intel(R) PRO/1000 Network Connection
[    1.564004] mptbase: ioc0: Initiating bringup
[    1.565291] e1000 0000:00:03.0 enp0s3: renamed from eth0
[    3.136468] ioc0: LSI53C1030 A0: Capabilities={Initiator}
[    5.355013] scsi host2: ioc0: LSI53C1030 A0, FwRev=00000000h, Ports=1, MaxQ=256, IRQ=20
[    7.062956] scsi 2:0:0:0: Direct-Access     VBOX     HARDDISK         1.0  PQ: 0 ANSI: 5
[    7.096041] scsi target2:0:0: Beginning Domain Validation
[    7.100890] scsi target2:0:0: Domain Validation skipping write tests
[    7.101932] scsi target2:0:0: Ending Domain Validation
[    7.102928] scsi target2:0:0: asynchronous
[    7.104483] scsi 2:0:1:0: Direct-Access     VBOX     HARDDISK         1.0  PQ: 0 ANSI: 5
[    7.136662] scsi target2:0:1: Beginning Domain Validation
[    7.142363] scsi target2:0:1: Domain Validation skipping write tests
[    7.143509] scsi target2:0:1: Ending Domain Validation
[    7.144550] scsi target2:0:1: asynchronous
[    7.149753] sd 2:0:0:0: Attached scsi generic sg0 type 0
[    7.150803] sd 2:0:0:0: [sda] 83886080 512-byte logical blocks: (42.9 GB/40.0 GiB)
[    7.152070] sd 2:0:0:0: [sda] Write Protect is off
[    7.152989] sd 2:0:0:0: [sda] Incomplete mode parameter data
[    7.153880] sd 2:0:0:0: [sda] Assuming drive cache: write through
[    7.154916] sd 2:0:1:0: Attached scsi generic sg1 type 0
[    7.156003] sd 2:0:1:0: [sdb] 20480 512-byte logical blocks: (10.5 MB/10.0 MiB)
[    7.157378] sd 2:0:1:0: [sdb] Write Protect is off
[    7.158482] sd 2:0:1:0: [sdb] Incomplete mode parameter data
[    7.159268] sd 2:0:1:0: [sdb] Assuming drive cache: write through
[    7.161814]  sda: sda1
[    7.163501] sd 2:0:0:0: [sda] Attached SCSI disk
[    7.164724] sd 2:0:1:0: [sdb] Attached SCSI disk
Begin: Loading essential drivers ... [    8.572430] raid6: sse2x1   gen() 12723 MB/s
[    8.620085] raid6: sse2x1   xor()  7907 MB/s
[    8.668730] raid6: sse2x2   gen() 15930 MB/s
[    8.716522] raid6: sse2x2   xor() 10799 MB/s
[    8.764204] raid6: sse2x4   gen() 17252 MB/s
[    8.812039] raid6: sse2x4   xor() 10136 MB/s
[    8.860697] raid6: avx2x1   gen() 24034 MB/s
[    8.908245] raid6: avx2x1   xor() 14035 MB/s
[    8.956055] raid6: avx2x2   gen() 29583 MB/s
[    9.004566] raid6: avx2x2   xor() 20256 MB/s
[    9.053191] raid6: avx2x4   gen() 30355 MB/s
[    9.100020] raid6: avx2x4   xor() 18105 MB/s
[    9.101049] raid6: using algorithm avx2x4 gen() 30355 MB/s
[    9.101985] raid6: .... xor() 18105 MB/s, rmw enabled
[    9.102905] raid6: using avx2x2 recovery algorithm
[    9.105341] xor: automatically using best checksumming function   avx       
[    9.107602] async_tx: api initialized (async)
done.
Begin: Running /scripts/init-premount ... done.
Begin: Mounting root file system ... Begin: Running /scripts/local-top ... done.
Begin: Running /scripts/local-premount ... [    9.151083] Btrfs loaded, crc32c=crc32c-intel
Scanning for Btrfs filesystems
done.
Warning: fsck not present, so skipping root file system
[    9.177965] EXT4-fs (sda1): mounted filesystem with ordered data mode. Opts: (null)
done.
Begin: Running /scripts/local-bottom ... done.
Begin: Running /scripts/init-bottom ... done.
[    9.321946] ip_tables: (C) 2000-2006 Netfilter Core Team
[    9.329690] systemd[1]: systemd 237 running in system mode. (+PAM +AUDIT +SELINUX +IMA +APPARMOR +SMACK +SYSVINIT +UTMP +LIBCRYPTSETUP +GCRYPT +GNUTLS +ACL +XZ +LZ4 +SECCOMP +BLKID +ELFUTILS +KMOD -IDN2 +IDN -PCRE2 default-hierarchy=hybrid)
[    9.332947] systemd[1]: Detected virtualization oracle.
[    9.334580] systemd[1]: Detected architecture x86-64.

Welcome to [1mUbuntu 18.04.6 LTS[0m!

[    9.339700] systemd[1]: Set hostname to <ubuntu>.
[    9.342087] systemd[1]: Initializing machine ID from random generator.
[    9.343183] systemd[1]: Installed transient /etc/machine-id file.
[    9.583062] systemd[1]: Created slice System Slice.
[[0;32m  OK  [0m] Created slice System Slice.
[    9.584466] systemd[1]: Listening on LVM2 metadata daemon socket.
[[0;32m  OK  [0m] Listening on LVM2 metadata daemon socket.
[    9.585877] systemd[1]: Reached target Mounting snaps.
[[0;32m  OK  [0m] Reached target Mounting snaps.
[    9.587268] systemd[1]: Reached target Mounted snaps.
[[0;32m  OK  [0m] Reached target Mounted snaps.
[[0;32m  OK  [0m] Reached target System Time Synchronized.
[[0;32m  OK  [0m] Set up automount Arbitrary Executabâ€¦rmats File System Automount Point.
[[0;32m  OK  [0m] Listening on Syslog Socket.
[[0;32m  OK  [0m] Listening on udev Control Socket.
[[0;32m  OK  [0m] Created slice system-serial\x2dgetty.slice.
[[0;32m  OK  [0m] Listening on Journal Socket (/dev/log).
[[0;32m  OK  [0m] Listening on fsck to fsckd communication Socket.
[[0;32m  OK  [0m] Reached target User and Group Name Lookups.
[[0;32m  OK  [0m] Created slice User and Session Slice.
[[0;32m  OK  [0m] Listening on Device-mapper event daemon FIFOs.
[[0;32m  OK  [0m] Started Forward Password Requests to Wall Directory Watch.
[[0;32m  OK  [0m] Listening on Journal Socket.
         Mounting POSIX Message Queue File System...
         Starting Create list of required stâ€¦ce nodes for the current kernel...
         Starting File System Check on Root Device...
         Mounting Kernel Debug File System...
         Mounting Huge Pages File System...
         Starting Monitoring of LVM2 mirrorsâ€¦ng dmeventd or progress polling...
         Starting Load Kernel Modules...
         Starting Uncomplicated firewall...
         Starting Set the console keyboard layout...
[[0;32m  OK  [0m] Reached target Slices.
[[0;32m  OK  [0m] Listening on /dev/initctl Compatibility Named Pipe.
[[0;32m  OK  [0m] Reached target Swap.
[[0;32m  OK  [0m] Listening on udev Kernel Socket.
         Starting udev Coldplug all Devices...
[[0;32m  OK  [0m] Listening on Journal Audit Socket.
         Starting Journal Service...
[[0;32m  OK  [0m] Listening on Network Service Netlink Socket.
[[0;32m  OK  [0m] Listening on LVM2 poll daemon socket.
[[0;32m  OK  [0m] Mounted POSIX Message Queue File System.
[[0;32m  OK  [0m] Started Create list of required staâ€¦vice nodes for the current kernel.
[[0;32m  OK  [0m] Mounted Kernel Debug File System.
[[0;32m  OK  [0m] Mounted Huge Pages File System.
[[0;32m  OK  [0m] Started File System Check Daemon to report status.
         Starting Create Static Device Nodes in /dev...
[[0;32m  OK  [0m] Started LVM2 metadata daemon.
[    9.663277] Loading iSCSI transport class v2.0-870.
[    9.669539] iscsi: registered transport (tcp)
[    9.685483] iscsi: registered transport (iser)
[[0;32m  OK  [0m] Started Load Kernel Modules.
[[0;32m  OK  [0m] Started Uncomplicated firewall.
         Mounting Kernel Configuration File System...
         Starting Apply Kernel Variables...
         Mounting FUSE Control File System...
[[0;32m  OK  [0m] Mounted Kernel Configuration File System.
[[0;32m  OK  [0m] Mounted FUSE Control File System.
[[0;32m  OK  [0m] Started Create Static Device Nodes in /dev.
[[0;32m  OK  [0m] Started udev Coldplug all Devices.
[[0;32m  OK  [0m] Started File System Check on Root Device.
         Starting Remount Root and Kernel File Systems...
[[0;32m  OK  [0m] Started Journal Service.
[[0;32m  OK  [0m] Started Remount Root and Kernel File Systems.
         Starting udev Kernel Device Manager...
         Starting Flush Journal to Persistent Storage...
         Starting Load/Save Random Seed...
[[0;32m  OK  [0m] Started Monitoring of LVM2 mirrors,â€¦sing dmeventd or progress polling.
[[0;32m  OK  [0m] Started Apply Kernel Variables.
[[0;32m  OK  [0m] Started udev Kernel Device Manager.
[[0;32m  OK  [0m] Started Load/Save Random Seed.
[[0;32m  OK  [0m] Started Flush Journal to Persistent Storage.
[[0;32m  OK  [0m] Found device /dev/ttyS0.
[[0;32m  OK  [0m] Listening on Load/Save RF Kill Switch Status /dev/rfkill Watch.
         Mounting Arbitrary Executable File Formats File System...
[[0;32m  OK  [0m] Mounted Arbitrary Executable File Formats File System.
[[0;32m  OK  [0m] Started Set the console keyboard layout.
[[0;32m  OK  [0m] Started Dispatch Password Requests to Console Directory Watch.
[[0;32m  OK  [0m] Reached target Local Encrypted Volumes.
[[0;32m  OK  [0m] Reached target Local File Systems (Pre).
[[0;32m  OK  [0m] Reached target Local File Systems.
         Starting ebtables ruleset management...
         Starting Commit a transient machine-id on disk...
         Starting Set console font and keymap...
         Starting Tell Plymouth To Write Out Runtime Data...
         Starting AppArmor initialization...
         Starting Create Volatile Files and Directories...
[[0;32m  OK  [0m] Started Tell Plymouth To Write Out Runtime Data.
[[0;32m  OK  [0m] Started Create Volatile Files and Directories.
         Starting Update UTMP about System Boot/Shutdown...
[[0;32m  OK  [0m] Started Update UTMP about System Boot/Shutdown.
[[0;32m  OK  [0m] Started Commit a transient machine-id on disk.
[[0;32m  OK  [0m] Started ebtables ruleset management.
[[0;32m  OK  [0m] Started AppArmor initialization.
         Starting Load AppArmor profiles managed internally by snapd...
         Starting Initial cloud-init job (pre-networking)...
[[0;32m  OK  [0m] Started Load AppArmor profiles managed internally by snapd.
[[0;32m  OK  [0m] Started Set console font and keymap.
[   13.336962] cloud-init[855]: Cloud-init v. 23.1.2-0ubuntu0~18.04.1 running 'init-local' at Sun, 07 Apr 2024 01:32:56 +0000. Up 13.05 seconds.
[[0;32m  OK  [0m] Started Initial cloud-init job (pre-networking).
[[0;32m  OK  [0m] Reached target Network (Pre).
         Starting Network Service...
[[0;32m  OK  [0m] Started Network Service.
         Starting Wait for Network to be Configured...
         Starting Network Name Resolution...
[[0;32m  OK  [0m] Started Network Name Resolution.
[[0;32m  OK  [0m] Reached target Network.
[[0;32m  OK  [0m] Reached target Host and Network Name Lookups.
[[0;32m  OK  [0m] Started Wait for Network to be Configured.
         Starting Initial cloud-init job (metadata service crawler)...
[   16.297560] cloud-init[995]: Cloud-init v. 23.1.2-0ubuntu0~18.04.1 running 'init' at Sun, 07 Apr 2024 01:33:00 +0000. Up 16.15 seconds.
[   16.300271] cloud-init[995]: ci-info: ++++++++++++++++++++++++++++++++++++++Net device info++++++++++++++++++++++++++++++++++++++
[   16.302131] cloud-init[995]: ci-info: +--------+------+----------------------------+---------------+--------+-------------------+
[   16.304012] cloud-init[995]: ci-info: | Device |  Up  |          Address           |      Mask     | Scope  |     Hw-Address    |
[   16.306010] cloud-init[995]: ci-info: +--------+------+----------------------------+---------------+--------+-------------------+
[   16.308250] cloud-init[995]: ci-info: | enp0s3 | True |         10.0.2.15          | 255.255.255.0 | global | 02:3b:7b:b7:3b:2d |
[   16.309900] cloud-init[995]: ci-info: | enp0s3 | True | fe80::3b:7bff:feb7:3b2d/64 |       .       |  link  | 02:3b:7b:b7:3b:2d |
[   16.311353] cloud-init[995]: ci-info: |   lo   | True |         127.0.0.1          |   255.0.0.0   |  host  |         .         |
[   16.312842] cloud-init[995]: ci-info: |   lo   | True |          ::1/128           |       .       |  host  |         .         |
[   16.314239] cloud-init[995]: ci-info: +--------+------+----------------------------+---------------+--------+-------------------+
[   16.324462] cloud-init[995]: ci-info: ++++++++++++++++++++++++++++Route IPv4 info+++++++++++++++++++++++++++++
[   16.325753] cloud-init[995]: ci-info: +-------+-------------+----------+-----------------+-----------+-------+
[   16.327087] cloud-init[995]: ci-info: | Route | Destination | Gateway  |     Genmask     | Interface | Flags |
[   16.328320] cloud-init[995]: ci-info: +-------+-------------+----------+-----------------+-----------+-------+
[   16.329677] cloud-init[995]: ci-info: |   0   |   0.0.0.0   | 10.0.2.2 |     0.0.0.0     |   enp0s3  |   UG  |
[   16.331079] cloud-init[995]: ci-info: |   1   |   10.0.2.0  | 0.0.0.0  |  255.255.255.0  |   enp0s3  |   U   |
[   16.332551] cloud-init[995]: ci-info: |   2   |   10.0.2.2  | 0.0.0.0  | 255.255.255.255 |   enp0s3  |   UH  |
[   16.333860] cloud-init[995]: ci-info: +-------+-------------+----------+-----------------+-----------+-------+
[   16.335150] cloud-init[995]: ci-info: +++++++++++++++++++Route IPv6 info+++++++++++++++++++
[   16.336428] cloud-init[995]: ci-info: +-------+-------------+---------+-----------+-------+
[   16.337573] cloud-init[995]: ci-info: | Route | Destination | Gateway | Interface | Flags |
[   16.338736] cloud-init[995]: ci-info: +-------+-------------+---------+-----------+-------+
[   16.340179] cloud-init[995]: ci-info: |   1   |  fe80::/64  |    ::   |   enp0s3  |   U   |
[   16.341325] cloud-init[995]: ci-info: |   3   |    local    |    ::   |   enp0s3  |   U   |
[   16.342479] cloud-init[995]: ci-info: |   4   |   ff00::/8  |    ::   |   enp0s3  |   U   |
[   16.343615] cloud-init[995]: ci-info: +-------+-------------+---------+-----------+-------+
[   17.179125] cloud-init[995]: Generating public/private rsa key pair.
[   17.180358] cloud-init[995]: Your identification has been saved in /etc/ssh/ssh_host_rsa_key.
[   17.181756] cloud-init[995]: Your public key has been saved in /etc/ssh/ssh_host_rsa_key.pub.
[   17.183043] cloud-init[995]: The key fingerprint is:
[   17.183921] cloud-init[995]: SHA256:i6Y5v8BNlzp0UKzZO8zzyeI9wN1FirHiyJqoSTJJPTE root@ubuntu-bionic
[   17.185406] cloud-init[995]: The key's randomart image is:
[   17.186561] cloud-init[995]: +---[RSA 2048]----+
[   17.187510] cloud-init[995]: |       ..        |
[   17.188506] cloud-init[995]: |       .. .   .  |
[   17.189483] cloud-init[995]: |   E  .+   + o   |
[   17.190419] cloud-init[995]: |  . o o.o.o . .  |
[   17.191350] cloud-init[995]: | . o .o*S+ . .   |
[   17.192240] cloud-init[995]: |.. ..+o=X.. .    |
[   17.193137] cloud-init[995]: |+. .oo* .* .     |
[   17.194056] cloud-init[995]: |oo. += ...=      |
[   17.194992] cloud-init[995]: |o.  oooo....     |
[   17.195937] cloud-init[995]: +----[SHA256]-----+
[   17.197032] cloud-init[995]: Generating public/private dsa key pair.
[   17.198285] cloud-init[995]: Your identification has been saved in /etc/ssh/ssh_host_dsa_key.
[   17.199744] cloud-init[995]: Your public key has been saved in /etc/ssh/ssh_host_dsa_key.pub.
[   17.201171] cloud-init[995]: The key fingerprint is:
[   17.202184] cloud-init[995]: SHA256:B9cDYkVx3dz20hI0vcpwKNjh9LWmEdhjvXkIhqS98nQ root@ubuntu-bionic
[   17.203695] cloud-init[995]: The key's randomart image is:
[   17.204723] cloud-init[995]: +---[DSA 1024]----+
[   17.205668] cloud-init[995]: |        ++O.ooo+.|
[   17.206646] cloud-init[995]: |       .o* @ oo.*|
[   17.207658] cloud-init[995]: |       .*.* O =+o|
[   17.208661] cloud-init[995]: |       . *.= Oooo|
[   17.209643] cloud-init[995]: |       .SooEB oo |
[   17.210611] cloud-init[995]: |        +... o   |
[   17.211574] cloud-init[995]: |         .       |
[   17.212573] cloud-init[995]: |                 |
[   17.213523] cloud-init[995]: |                 |
[   17.214500] cloud-init[995]: +----[SHA256]-----+
[   17.215450] cloud-init[995]: Generating public/private ecdsa key pair.
[   17.216677] cloud-init[995]: Your identification has been saved in /etc/ssh/ssh_host_ecdsa_key.
[   17.218156] cloud-init[995]: Your public key has been saved in /etc/ssh/ssh_host_ecdsa_key.pub.
[   17.219592] cloud-init[995]: The key fingerprint is:
[   17.220465] cloud-init[995]: SHA256:dyXq1V7+tIfCpIGRO7r8O3gQpGQ1OMT2HTCEg37tsUU root@ubuntu-bionic
[   17.221698] cloud-init[995]: The key's randomart image is:
[   17.222668] cloud-init[995]: +---[ECDSA 256]---+
[   17.223416] cloud-init[995]: |   +.=*.         |
[   17.224206] cloud-init[995]: |  . X .oE        |
[   17.224990] cloud-init[995]: | . + B o o  . .  |
[   17.225747] cloud-init[995]: |  . o = =  . +   |
[   17.226576] cloud-init[995]: |   . . =S+o o . .|
[   17.227411] cloud-init[995]: |      + +o.o.. o |
[   17.228280] cloud-init[995]: |       + ..=  ..o|
[   17.229513] cloud-init[995]: |     .o o . o ..+|
[   17.230477] cloud-init[995]: |      o+oo   . .o|
[   17.231308] cloud-init[995]: +----[SHA256]-----+
[   17.232152] cloud-init[995]: Generating public/private ed25519 key pair.
[   17.233076] cloud-init[995]: Your identification has been saved in /etc/ssh/ssh_host_ed25519_key.
[   17.234301] cloud-init[995]: Your public key has been saved in /etc/ssh/ssh_host_ed25519_key.pub.[[0;32m  OK  [0m] Started Initial cloud-init job (metadata service crawler).
[[0;32m  OK  [0m] Reached target Cloud-config availability.
[[0;32m  OK  [0m] Reached target System Initialization.
[[0;32m  OK  [0m] Started Ubuntu Advantage Timer for running repeated jobs.

[   17.239944] cloud-init[995]: The key fingerprint is:
[   17.240062] cloud-init[995]: SHA256:44uhdyr3UCkVAJlCzWXZjCfkK5TBfv+v2OchTIJTBLw root@ubuntu-bionic
[   17.240133] cloud-init[995]: The key's randomart image is:
[   17.241025] cloud-init[995]: +--[ED25519 256]--+
[   17.241448] cloud-init[995]: | ..+oB*Bo        |
[   17.241977] cloud-init[995]: |  . *==.+.       |
[   17.242444] cloud-init[995]: |   oo .+o        |
[   17.242913] cloud-init[995]: |   .. E= .       |
[   17.243367] cloud-init[995]: |    ..=.S .      |
[   17.243838] cloud-init[995]: |     . =.=       |
[   17.244656] cloud-init[995]: |      o ..o .    |
[   17.245092] cloud-init[995]: |    ..o+.+....   |
[   17.245529] cloud-init[995]: |    .+o++ o=o    |
[   17.246216] cloud-init[995]: +----[SHA256]-----+
[[0;32m  OK  [0m] Listening on UUID daemon activation socket.
[[0;32m  OK  [0m] Started Message of the Day.
[[0;32m  OK  [0m] Started Daily apt download activities.
[[0;32m  OK  [0m] Started Daily Cleanup of Temporary Directories.
[[0;32m  OK  [0m] Started Discard unused blocks once a week.
[[0;32m  OK  [0m] Listening on Open-iSCSI iscsid Socket.
         Starting LXD - unix socket.
[[0;32m  OK  [0m] Started ACPI Events Check.
[[0;32m  OK  [0m] Reached target Paths.
[[0;32m  OK  [0m] Listening on cloud-init hotplug hook socket.
[[0;32m  OK  [0m] Listening on D-Bus System Message Bus Socket.
[[0;32m  OK  [0m] Started Daily apt upgrade and clean activities.
[[0;32m  OK  [0m] Reached target Timers.
         Starting Socket activation for snappy daemon.
[[0;32m  OK  [0m] Listening on ACPID Listen Socket.
[[0;32m  OK  [0m] Reached target Network is Online.
[[0;32m  OK  [0m] Reached target Remote File Systems (Pre).
[[0;32m  OK  [0m] Reached target Remote File Systems.
         Starting Availability of block devices...
[[0;32m  OK  [0m] Listening on LXD - unix socket.
[[0;32m  OK  [0m] Listening on Socket activation for snappy daemon.
[[0;32m  OK  [0m] Reached target Sockets.
[[0;32m  OK  [0m] Reached target Basic System.
         Starting Accounts Service...
         Starting Login Service...
[[0;32m  OK  [0m] Started D-Bus System Message Bus.
         Starting Virtualbox guest utils...
         Starting LSB: Record successful boot for GRUB...
         Starting LSB: automatic crash report generation...
         Starting LXD - container startup/shutdown...
         Starting Pollinate to seed the pseudo random number generator...
         Starting Dispatcher daemon for systemd-networkd...
[[0;32m  OK  [0m] Started Regular background program processing daemon.
         Starting Snap Daemon...
[[0;32m  OK  [0m] Reached target Login Prompts (Pre).
         Starting Permit User Sessions...
[[0;32m  OK  [0m] Started FUSE filesystem for LXC.
[[0;32m  OK  [0m] Started Deferred execution scheduler.
         Starting System Logging Service...
[[0;32m  OK  [0m] Started irqbalance daemon.
[[0;32m  OK  [0m] Started Availability of block devices.
[[0;32m  OK  [0m] Started Permit User Sessions.
[[0;32m  OK  [0m] Started Login Service.
         Starting Authorization Manager...
[[0;32m  OK  [0m] Started Unattended Upgrades Shutdown.
         Starting Terminate Plymouth Boot Screen...
         Starting Hold until boot process finishes up...
[[0;32m  OK  [0m] Started Hold until boot process finishes up.
         Starting Set console scheme...
[[0;32m  OK  [0m] Started Serial Getty on ttyS0.
[[0;32m  OK  [0m] Started Terminate Plymouth Boot Screen.
[[0;32m  OK  [0m] Started LSB: automatic crash report generation.
[[0;32m  OK  [0m] Started System Logging Service.
[[0;32m  OK  [0m] Started Set console scheme.
[[0;32m  OK  [0m] Created slice system-getty.slice.
[[0;32m  OK  [0m] Started Getty on tty1.
[[0;32m  OK  [0m] Reached target Login Prompts.
[[0;32m  OK  [0m] Started LSB: Record successful boot for GRUB.
[[0;32m  OK  [0m] Started Authorization Manager.
[[0;32m  OK  [0m] Started Accounts Service.
[[0;32m  OK  [0m] Started LXD - container startup/shutdown.
[[0;32m  OK  [0m] Started Virtualbox guest utils.
[[0;32m  OK  [0m] Started Dispatcher daemon for systemd-networkd.
[[0;32m  OK  [0m] Started Snap Daemon.
         Starting Wait until snapd is fully seeded...
[[0;32m  OK  [0m] Started Pollinate to seed the pseudo random number generator.
         Starting OpenBSD Secure Shell server...
[[0;32m  OK  [0m] Started OpenBSD Secure Shell server.
[[0;32m  OK  [0m] Created slice User Slice of vagrant.
         Starting User Manager for UID 1000...
[[0;32m  OK  [0m] Started Session 1 of user vagrant.
[[0;32m  OK  [0m] Started User Manager for UID 1000.
         Starting Time & Date Service...
[[0;32m  OK  [0m] Started Time & Date Service.
[[0;32m  OK  [0m] Started Wait until snapd is fully seeded.
         Starting Apply the settings specified in cloud-config...
[   21.753755] cloud-init[1676]: Cloud-init v. 23.1.2-0ubuntu0~18.04.1 running 'modules:config' at Sun, 07 Apr 2024 01:33:05 +0000. Up 21.36 seconds.
[[0;32m  OK  [0m] Started Apply the settings specified in cloud-config.
[[0;32m  OK  [0m] Reached target Multi-User System.
[[0;32m  OK  [0m] Reached target Graphical Interface.
         Starting Update UTMP about System Runlevel Changes...
         Starting Execute cloud user/final scripts...
[[0;32m  OK  [0m] Started Update UTMP about System Runlevel Changes.
ci-info: no authorized SSH keys fingerprints found for user ubuntu.
<14>Apr  7 01:33:06 cloud-init: #############################################################
<14>Apr  7 01:33:06 cloud-init: -----BEGIN SSH HOST KEY FINGERPRINTS-----
<14>Apr  7 01:33:06 cloud-init: 1024 SHA256:B9cDYkVx3dz20hI0vcpwKNjh9LWmEdhjvXkIhqS98nQ root@ubuntu-bionic (DSA)
<14>Apr  7 01:33:06 cloud-init: 256 SHA256:dyXq1V7+tIfCpIGRO7r8O3gQpGQ1OMT2HTCEg37tsUU root@ubuntu-bionic (ECDSA)
<14>Apr  7 01:33:06 cloud-init: 256 SHA256:44uhdyr3UCkVAJlCzWXZjCfkK5TBfv+v2OchTIJTBLw root@ubuntu-bionic (ED25519)
<14>Apr  7 01:33:06 cloud-init: 2048 SHA256:i6Y5v8BNlzp0UKzZO8zzyeI9wN1FirHiyJqoSTJJPTE root@ubuntu-bionic (RSA)
<14>Apr  7 01:33:06 cloud-init: -----END SSH HOST KEY FINGERPRINTS-----
<14>Apr  7 01:33:06 cloud-init: #############################################################
-----BEGIN SSH HOST KEY KEYS-----
ecdsa-sha2-nistp256 AAAAE2VjZHNhLXNoYTItbmlzdHAyNTYAAAAIbmlzdHAyNTYAAABBBG6xwStpVtRBqwr0LHol0u4YzSQqOO6wyLlhaVBHy1Ex6hkT8Nqkm6vu//audDTOJcg5wKe2hJ06RjrOncDU1hM= root@ubuntu-bionic
ssh-ed25519 AAAAC3NzaC1lZDI1NTE5AAAAICqTevnvlURodiyGjoR3myXranjKgd5cAXsie6VMxheN root@ubuntu-bionic
ssh-rsa AAAAB3NzaC1yc2EAAAADAQABAAABAQCzUjEUR7KcH0kkXQ1qS/azccWKiz6oERy0mzRB+35MBGpvjaTu0ncTC+yDr9a44rPjgV7YPf/sziN9IKqhTWygUWphWBbSo6fVMgDi28AN4tsOnGLVEeV6SYCK3F5dYGx4GMThY/o/NT7Muw9ocXWSkAB0sTlqPI1NAlT+QhSpXboNXx84sr6Mo4ypGFSQ1IgsPswdhmix6weKj6WFifRCahRjc8RU2B9WaaoI2LGID1M3bdt9sUZVhnjbJjjTi41p4nD9c3ISpmWcK0HOJM1W2OlthFHdzqlLgk1mitgMZeKvq0EWH4d+Alt1GwOs54VYjKnCtAWrMvhnPoguZ3bn root@ubuntu-bionic
-----END SSH HOST KEY KEYS-----
[   22.422726] cloud-init[1781]: Cloud-init v. 23.1.2-0ubuntu0~18.04.1 running 'modules:final' at Sun, 07 Apr 2024 01:33:06 +0000. Up 22.23 seconds.
[   22.424959] cloud-init[1781]: Cloud-init v. 23.1.2-0ubuntu0~18.04.1 finished at Sun, 07 Apr 2024 01:33:06 +0000. Datasource DataSourceNoCloud [seed=/dev/sdb][dsmode=net].  Up 22.41 seconds
[[0;32m  OK  [0m] Started Execute cloud user/final scripts.
[[0;32m  OK  [0m] Reached target Cloud-init target.

Ubuntu 18.04.6 LTS ubuntu-bionic ttyS0

ubuntu-bionic login: 